#
# There is insufficient memory for the Java Runtime Environment to continue.
# Native memory allocation (mmap) failed to map 264241152 bytes for G1 virtual space
# Possible reasons:
#   The system is out of physical RAM or swap space
#   The process is running with CompressedOops enabled, and the Java Heap may be blocking the growth of the native heap
# Possible solutions:
#   Reduce memory load on the system
#   Increase physical memory or swap space
#   Check if swap backing store is full
#   Decrease Java heap size (-Xmx/-Xms)
#   Decrease number of Java threads
#   Decrease Java thread stack sizes (-Xss)
#   Set larger code cache with -XX:ReservedCodeCacheSize=
#   JVM is running with Zero Based Compressed Oops mode in which the Java heap is
#     placed in the first 32GB address space. The Java Heap base address is the
#     maximum limit for the native heap growth. Please use -XX:HeapBaseMinAddress
#     to set the Java Heap base and to place the Java Heap above 32GB virtual address.
# This output file may be truncated or incomplete.
#
#  Out of Memory Error (os_windows.cpp:3536), pid=13912, tid=18840
#
# JRE version:  (19.0.2+7) (build )
# Java VM: Java HotSpot(TM) 64-Bit Server VM (19.0.2+7-44, mixed mode, sharing, tiered, compressed oops, compressed class ptrs, g1 gc, windows-amd64)
# No core dump will be written. Minidumps are not enabled by default on client versions of Windows
#

---------------  S U M M A R Y ------------

Command Line: -Dfile.encoding=UTF-8 -Dstdout.encoding=UTF-8 -Dstderr.encoding=UTF-8 -XX:+ShowCodeDetailsInExceptionMessages rs.ac.bg.fon.ai.forme.ServerskaForma

Host: 12th Gen Intel(R) Core(TM) i5-1235U, 12 cores, 15G,  Windows 11 , 64 bit Build 22621 (10.0.22621.7517)
Time: Sat Sep 12 18:07:35 2026 Central Europe Summer Time elapsed time: 0.020399 seconds (0d 0h 0m 0s)

---------------  T H R E A D  ---------------

Current thread (0x000001f48f5670d0):  JavaThread "Unknown thread" [_thread_in_vm, id=18840, stack(0x000000095c100000,0x000000095c200000)]

Stack: [0x000000095c100000,0x000000095c200000]
Native frames: (J=compiled Java code, j=interpreted, Vv=VM code, C=native code)
V  [jvm.dll+0x6ee21a]
V  [jvm.dll+0x85765e]
V  [jvm.dll+0x85904e]
V  [jvm.dll+0x859703]
V  [jvm.dll+0x28298f]
V  [jvm.dll+0x6eb009]
V  [jvm.dll+0x6dfbaa]
V  [jvm.dll+0x3573f6]
V  [jvm.dll+0x35ee56]
V  [jvm.dll+0x3b541e]
V  [jvm.dll+0x3b564f]
V  [jvm.dll+0x32c9ea]
V  [jvm.dll+0x32d89e]
V  [jvm.dll+0x821780]
V  [jvm.dll+0x3c2661]
V  [jvm.dll+0x801f51]
V  [jvm.dll+0x44ae8f]
V  [jvm.dll+0x44c811]
C  [jli.dll+0x5287]
C  [ucrtbase.dll+0x29333]
C  [KERNEL32.DLL+0x1259d]
C  [ntdll.dll+0x5afb8]


---------------  P R O C E S S  ---------------

Threads class SMR info:
_java_thread_list=0x00007ff9f3c8d048, length=0, elements={
}

Java Threads: ( => current thread )

Other Threads:
  0x000001f48f5d8ef0 WorkerThread "GC Thread#0" [stack: 0x000000095c200000,0x000000095c300000] [id=27928]
  0x000001f48f5eb1f0 ConcurrentGCThread "G1 Main Marker" [stack: 0x000000095c300000,0x000000095c400000] [id=26736]
  0x000001f48f5ebc20 WorkerThread "G1 Conc#0" [stack: 0x000000095c400000,0x000000095c500000] [id=19524]

[error occurred during error reporting (printing all threads), id 0xc0000005, EXCEPTION_ACCESS_VIOLATION (0xc0000005) at pc=0x00007ff9f344d427]

VM state: not at safepoint (not fully initialized)

VM Mutex/Monitor currently owned by a thread:  ([mutex/lock_event])
[0x000001f48f5646c0] Heap_lock - owner thread: 0x000001f48f5670d0

Heap address: 0x0000000705a00000, size: 4006 MB, Compressed Oops mode: Zero based, Oop shift amount: 3

CDS archive(s) mapped at: [0x0000000000000000-0x0000000000000000-0x0000000000000000), size 0, SharedBaseAddress: 0x0000000800000000, ArchiveRelocationMode: 0.
Narrow klass base: 0x0000000000000000, Narrow klass shift: 0, Narrow klass range: 0x0

GC Precious Log:
 CardTable entry size: 512
 Card Set container configuration: InlinePtr #cards 4 size 8 Array Of Cards #cards 16 size 48 Howl #buckets 8 coarsen threshold 3686 Howl Bitmap #cards 512 size 80 coarsen threshold 460 Card regions per heap region 1 cards per card region 4096

Heap:
 garbage-first heap   total 0K, used 0K [0x0000000705a00000, 0x0000000800000000)
  region size 2048K, 0 young (0K), 0 survivors (0K)

[error occurred during error reporting (printing heap information), id 0xc0000005, EXCEPTION_ACCESS_VIOLATION (0xc0000005) at pc=0x00007ff9f3856649]

GC Heap History (0 events):
No events

Dll operation events (1 events):
Event: 0.006 Loaded shared library C:\Program Files\Java\jdk-19\bin\java.dll

Deoptimization events (0 events):
No events

Classes loaded (0 events):
No events

Classes unloaded (0 events):
No events

Classes redefined (0 events):
No events

Internal exceptions (0 events):
No events

VM Operations (0 events):
No events

Events (0 events):
No events


Dynamic libraries:
0x00007ff6e6420000 - 0x00007ff6e6430000 	C:\Program Files\Java\jdk-19\bin\javaw.exe
0x00007ffae1670000 - 0x00007ffae1889000 	C:\Windows\SYSTEM32\ntdll.dll
0x00007ffae0b20000 - 0x00007ffae0be4000 	C:\Windows\System32\KERNEL32.DLL
0x00007ffade9b0000 - 0x00007ffaded79000 	C:\Windows\System32\KERNELBASE.dll
0x00007ffade7a0000 - 0x00007ffade8b1000 	C:\Windows\System32\ucrtbase.dll
0x00007ffac4000000 - 0x00007ffac4018000 	C:\Program Files\Java\jdk-19\bin\jli.dll
0x00007ffac37e0000 - 0x00007ffac37fb000 	C:\Program Files\Java\jdk-19\bin\VCRUNTIME140.dll
0x00007ffae0a50000 - 0x00007ffae0b03000 	C:\Windows\System32\ADVAPI32.dll
0x00007ffadfed0000 - 0x00007ffadff77000 	C:\Windows\System32\msvcrt.dll
0x00007ffae02b0000 - 0x00007ffae0359000 	C:\Windows\System32\sechost.dll
0x00007ffade980000 - 0x00007ffade9a8000 	C:\Windows\System32\bcrypt.dll
0x00007ffadff80000 - 0x00007ffae0097000 	C:\Windows\System32\RPCRT4.dll
0x00007ffae00a0000 - 0x00007ffae0251000 	C:\Windows\System32\USER32.dll
0x00007ffadef20000 - 0x00007ffadef46000 	C:\Windows\System32\win32u.dll
0x00007ffabc5d0000 - 0x00007ffabc86c000 	C:\Windows\WinSxS\amd64_microsoft.windows.common-controls_6595b64144ccf1df_6.0.22621.6931_none_270fd4b77385a2c0\COMCTL32.dll
0x00007ffadfce0000 - 0x00007ffadfd09000 	C:\Windows\System32\GDI32.dll
0x00007ffadf200000 - 0x00007ffadf31c000 	C:\Windows\System32\gdi32full.dll
0x00007ffaded80000 - 0x00007ffadee1a000 	C:\Windows\System32\msvcp_win.dll
0x00007ffad41d0000 - 0x00007ffad41da000 	C:\Windows\SYSTEM32\VERSION.dll
0x00007ffae0930000 - 0x00007ffae0961000 	C:\Windows\System32\IMM32.DLL
0x00007ffac37d0000 - 0x00007ffac37dc000 	C:\Program Files\Java\jdk-19\bin\vcruntime140_1.dll
0x00007ffa7b180000 - 0x00007ffa7b20e000 	C:\Program Files\Java\jdk-19\bin\msvcp140.dll
0x00007ff9f3110000 - 0x00007ff9f3dd0000 	C:\Program Files\Java\jdk-19\bin\server\jvm.dll
0x00007ffad9f40000 - 0x00007ffad9f74000 	C:\Windows\SYSTEM32\WINMM.dll
0x00007ffa9ad80000 - 0x00007ffa9ad89000 	C:\Windows\SYSTEM32\WSOCK32.dll
0x00007ffae1410000 - 0x00007ffae1481000 	C:\Windows\System32\WS2_32.dll
0x00007ffadd6e0000 - 0x00007ffadd6f8000 	C:\Windows\SYSTEM32\kernel.appcore.dll
0x00007ffac37c0000 - 0x00007ffac37ca000 	C:\Program Files\Java\jdk-19\bin\jimage.dll
0x00007ffadc1b0000 - 0x00007ffadc3e3000 	C:\Windows\SYSTEM32\DBGHELP.DLL
0x00007ffae03f0000 - 0x00007ffae0782000 	C:\Windows\System32\combase.dll
0x00007ffae0970000 - 0x00007ffae0a49000 	C:\Windows\System32\OLEAUT32.dll
0x00007ffac48c0000 - 0x00007ffac48f2000 	C:\Windows\SYSTEM32\dbgcore.DLL
0x00007ffadeea0000 - 0x00007ffadef1b000 	C:\Windows\System32\bcryptPrimitives.dll
0x00007ffac3500000 - 0x00007ffac3526000 	C:\Program Files\Java\jdk-19\bin\java.dll

dbghelp: loaded successfully - version: 4.0.5 - missing functions: none
symbol engine: initialized successfully - sym options: 0x614 - pdb path: .;C:\Program Files\Java\jdk-19\bin;C:\Windows\SYSTEM32;C:\Windows\WinSxS\amd64_microsoft.windows.common-controls_6595b64144ccf1df_6.0.22621.6931_none_270fd4b77385a2c0;C:\Program Files\Java\jdk-19\bin\server

VM Arguments:
jvm_args: -Dfile.encoding=UTF-8 -Dstdout.encoding=UTF-8 -Dstderr.encoding=UTF-8 -XX:+ShowCodeDetailsInExceptionMessages 
java_command: rs.ac.bg.fon.ai.forme.ServerskaForma
java_class_path (initial): C:\Users\Mila\eclipse-workspace\poslasticarnica\PoslasticarnicaServer\target\classes;C:\Users\Mila\eclipse-workspace\poslasticarnica\PoslasticarnicaZajednicki\target\classes;C:\Users\Mila\.m2\repository\com\google\code\gson\gson\2.10.1\gson-2.10.1.jar;C:\Users\Mila\.m2\repository\com\mysql\mysql-connector-j\9.7.0\mysql-connector-j-9.7.0.jar;C:\Users\Mila\.m2\repository\com\google\protobuf\protobuf-java\4.31.1\protobuf-java-4.31.1.jar
Launcher Type: SUN_STANDARD

[Global flags]
     intx CICompilerCount                          = 4                                         {product} {ergonomic}
     uint ConcGCThreads                            = 3                                         {product} {ergonomic}
     uint G1ConcRefinementThreads                  = 10                                        {product} {ergonomic}
   size_t G1HeapRegionSize                         = 2097152                                   {product} {ergonomic}
    uintx GCDrainStackTargetSize                   = 64                                        {product} {ergonomic}
   size_t InitialHeapSize                          = 264241152                                 {product} {ergonomic}
   size_t MarkStackSize                            = 4194304                                   {product} {ergonomic}
   size_t MaxHeapSize                              = 4200595456                                {product} {ergonomic}
   size_t MinHeapDeltaBytes                        = 2097152                                   {product} {ergonomic}
   size_t MinHeapSize                              = 8388608                                   {product} {ergonomic}
    uintx NonNMethodCodeHeapSize                   = 5839372                                {pd product} {ergonomic}
    uintx NonProfiledCodeHeapSize                  = 122909434                              {pd product} {ergonomic}
    uintx ProfiledCodeHeapSize                     = 122909434                              {pd product} {ergonomic}
    uintx ReservedCodeCacheSize                    = 251658240                              {pd product} {ergonomic}
     bool SegmentedCodeCache                       = true                                      {product} {ergonomic}
     bool ShowCodeDetailsInExceptionMessages       = true                                   {manageable} {command line}
   size_t SoftMaxHeapSize                          = 4200595456                             {manageable} {ergonomic}
     bool UseCompressedClassPointers               = true                           {product lp64_product} {ergonomic}
     bool UseCompressedOops                        = true                           {product lp64_product} {ergonomic}
     bool UseG1GC                                  = true                                      {product} {ergonomic}
     bool UseLargePagesIndividualAllocation        = false                                  {pd product} {ergonomic}

Logging:
Log output configuration:
 #0: stdout all=warning uptime,level,tags foldmultilines=false
 #1: stderr all=off uptime,level,tags foldmultilines=false

Environment Variables:
PATH=C:/Users/Mila/.p2/pool/plugins/org.eclipse.justj.openjdk.hotspot.jre.full.win32.x86_64_26.0.2.v20260901-1502/jre/bin/server;C:/Users/Mila/.p2/pool/plugins/org.eclipse.justj.openjdk.hotspot.jre.full.win32.x86_64_26.0.2.v20260901-1502/jre/bin;C:\Program Files\Common Files\Oracle\Java\javapath;C:\Program Files (x86)\Common Files\Oracle\Java\javapath;C:\Windows\system32;C:\Windows;C:\Windows\System32\Wbem;C:\Windows\System32\WindowsPowerShell\v1.0\;C:\Windows\System32\OpenSSH\;C:\Program Files\MATLAB\R2019b\bin;C:\Program Files\Git\cmd;C:\Program Files\nodejs\;C:\Program Files (x86)\Microsoft SQL Server\160\Tools\Binn\;C:\Program Files\Microsoft SQL Server\160\Tools\Binn\;C:\Program Files\Microsoft SQL Server\Client SDK\ODBC\170\Tools\Binn\;C:\Program Files\Microsoft SQL Server\160\DTS\Binn\;C:\Program Files (x86)\Microsoft SQL Server\160\DTS\Binn\;C:\Program Files\Microsoft SQL Server\150\Tools\Binn\;C:\Program Files\Docker\Docker\resources\bin;C:\xampp\php;C:\ProgramData\ComposerSetup\bin;C:\Program Files\dotnet\;C:\Program Files (x86)\Windows Kits\10\Windows Performance Toolkit\;C:\Users\Mila\.local\bin;C:\Program Files\MySQL\MySQL Shell 8.0\bin\;C:\Users\Mila\AppData\Local\Microsoft\WindowsApps;C:\Users\Mila\AppData\Local\Programs\Microsoft VS Code\bin;C:\Users\Mila\AppData\Roaming\npm;C:\Users\Mila\AppData\Roaming\Composer\vendor\bin;C:\Users\Mila\.dotnet\tools;C:\Users\Mila\Desktop;
USERNAME=Mila
OS=Windows_NT
PROCESSOR_IDENTIFIER=Intel64 Family 6 Model 154 Stepping 4, GenuineIntel
TMP=C:\Users\Mila\AppData\Local\Temp
TEMP=C:\Users\Mila\AppData\Local\Temp



---------------  S Y S T E M  ---------------

OS:
 Windows 11 , 64 bit Build 22621 (10.0.22621.7517)
OS uptime: 0 days 22:07 hours
Hyper-V role detected

CPU: total 12 (initial active 12) (6 cores per cpu, 2 threads per core) family 6 model 154 stepping 4 microcode 0x43b, cx8, cmov, fxsr, ht, mmx, 3dnowpref, sse, sse2, sse3, ssse3, sse4.1, sse4.2, popcnt, lzcnt, tsc, tscinvbit, avx, avx2, aes, erms, clmul, bmi1, bmi2, adx, sha, fma, vzeroupper, clflush, clflushopt, clwb, hv, serialize, rdtscp, rdpid, fsrm

Memory: 4k page, system-wide physical 16016M (1673M free)
TotalPageFile size 65147M (AvailPageFile size 170M)
current process WorkingSet (physical memory assigned to process): 11M, peak: 11M
current process commit charge ("private bytes"): 64M, peak: 316M

vm_info: Java HotSpot(TM) 64-Bit Server VM (19.0.2+7-44) for windows-amd64 JRE (19.0.2+7-44), built on 2022-11-30T18:02:09Z by "mach5one" with MS VC++ 17.1 (VS2022)

END.
